#-----------------------------------------------------------
# Vivado v2021.2 (64-bit)
# SW Build 3367213 on Tue Oct 19 02:48:09 MDT 2021
# IP Build 3369179 on Thu Oct 21 08:25:16 MDT 2021
# Start of session at: Tue Oct 31 23:09:58 2023
# Process ID: 56244
# Current directory: C:/Users/Mando/Documents/projects/group_project
# Command line: vivado.exe -gui_launcher_event rodinguilauncherevent37608 C:\Users\Mando\Documents\projects\group_project\group_project.xpr
# Log file: C:/Users/Mando/Documents/projects/group_project/vivado.log
# Journal file: C:/Users/Mando/Documents/projects/group_project\vivado.jou
# Running On: Ziyao-DESKTOP, OS: Windows, CPU Frequency: 3418 MHz, CPU Physical cores: 16, Host memory: 68469 MB
#-----------------------------------------------------------
start_gui
open_project C:/Users/Mando/Documents/projects/group_project/group_project.xpr
update_compile_order -fileset sources_1
open_hw_manager
connect_hw_server -allow_non_jtag
open_hw_target
set_property PROGRAM.FILE {C:/Users/Mando/Documents/projects/group_project/group_project.runs/impl_1/design_1_wrapper.bit} [get_hw_devices xck26_0]
current_hw_device [get_hw_devices xck26_0]
refresh_hw_device -update_hw_probes false [lindex [get_hw_devices xck26_0] 0]
current_hw_device [get_hw_devices arm_dap_1]
refresh_hw_device -update_hw_probes false [lindex [get_hw_devices arm_dap_1] 0]
current_hw_device [get_hw_devices xck26_0]
set_property PROBES.FILE {} [get_hw_devices xck26_0]
set_property FULL_PROBES.FILE {} [get_hw_devices xck26_0]
set_property PROGRAM.FILE {C:/Users/Mando/Documents/projects/group_project/group_project.runs/impl_1/design_1_wrapper.bit} [get_hw_devices xck26_0]
program_hw_devices [get_hw_devices xck26_0]
refresh_hw_device [lindex [get_hw_devices xck26_0] 0]
update_module_reference design_1_audio_pipeline_0_0
reset_run synth_1
launch_runs impl_1 -to_step write_bitstream -jobs 11
wait_on_run impl_1
update_module_reference design_1_audio_pipeline_0_0
reset_run synth_1
launch_runs impl_1 -to_step write_bitstream -jobs 11
wait_on_run impl_1
set_property PROBES.FILE {} [get_hw_devices xck26_0]
set_property FULL_PROBES.FILE {} [get_hw_devices xck26_0]
set_property PROGRAM.FILE {C:/Users/Mando/Documents/projects/group_project/group_project.runs/impl_1/design_1_wrapper.bit} [get_hw_devices xck26_0]
program_hw_devices [get_hw_devices xck26_0]
refresh_hw_device [lindex [get_hw_devices xck26_0] 0]
update_module_reference design_1_audio_pipeline_0_0
reset_run synth_1
launch_runs impl_1 -to_step write_bitstream -jobs 11
wait_on_run impl_1
set_property PROBES.FILE {} [get_hw_devices xck26_0]
set_property FULL_PROBES.FILE {} [get_hw_devices xck26_0]
set_property PROGRAM.FILE {C:/Users/Mando/Documents/projects/group_project/group_project.runs/impl_1/design_1_wrapper.bit} [get_hw_devices xck26_0]
program_hw_devices [get_hw_devices xck26_0]
refresh_hw_device [lindex [get_hw_devices xck26_0] 0]
update_module_reference design_1_audio_pipeline_0_0
reset_run synth_1
launch_runs impl_1 -to_step write_bitstream -jobs 11
wait_on_run impl_1
set_property PROBES.FILE {} [get_hw_devices xck26_0]
set_property FULL_PROBES.FILE {} [get_hw_devices xck26_0]
set_property PROGRAM.FILE {C:/Users/Mando/Documents/projects/group_project/group_project.runs/impl_1/design_1_wrapper.bit} [get_hw_devices xck26_0]
program_hw_devices [get_hw_devices xck26_0]
refresh_hw_device [lindex [get_hw_devices xck26_0] 0]
update_module_reference design_1_audio_pipeline_0_0
reset_run synth_1
launch_runs impl_1 -to_step write_bitstream -jobs 11
wait_on_run impl_1
set_property PROBES.FILE {} [get_hw_devices xck26_0]
set_property FULL_PROBES.FILE {} [get_hw_devices xck26_0]
set_property PROGRAM.FILE {C:/Users/Mando/Documents/projects/group_project/group_project.runs/impl_1/design_1_wrapper.bit} [get_hw_devices xck26_0]
program_hw_devices [get_hw_devices xck26_0]
refresh_hw_device [lindex [get_hw_devices xck26_0] 0]
update_module_reference design_1_audio_pipeline_0_0
reset_run synth_1
launch_runs impl_1 -to_step write_bitstream -jobs 11
wait_on_run impl_1
update_module_reference design_1_audio_pipeline_0_0
reset_run synth_1
launch_runs impl_1 -to_step write_bitstream -jobs 11
wait_on_run impl_1
set_property PROBES.FILE {} [get_hw_devices xck26_0]
set_property FULL_PROBES.FILE {} [get_hw_devices xck26_0]
set_property PROGRAM.FILE {C:/Users/Mando/Documents/projects/group_project/group_project.runs/impl_1/design_1_wrapper.bit} [get_hw_devices xck26_0]
program_hw_devices [get_hw_devices xck26_0]
refresh_hw_device [lindex [get_hw_devices xck26_0] 0]
update_module_reference design_1_audio_pipeline_0_0
reset_run synth_1
launch_runs impl_1 -to_step write_bitstream -jobs 11
wait_on_run impl_1
set_property PROBES.FILE {} [get_hw_devices xck26_0]
set_property FULL_PROBES.FILE {} [get_hw_devices xck26_0]
set_property PROGRAM.FILE {C:/Users/Mando/Documents/projects/group_project/group_project.runs/impl_1/design_1_wrapper.bit} [get_hw_devices xck26_0]
program_hw_devices [get_hw_devices xck26_0]
refresh_hw_device [lindex [get_hw_devices xck26_0] 0]
set_property PROBES.FILE {} [get_hw_devices xck26_0]
set_property FULL_PROBES.FILE {} [get_hw_devices xck26_0]
set_property PROGRAM.FILE {C:/Users/Mando/Documents/projects/group_project/group_project.runs/impl_1/design_1_wrapper.bit} [get_hw_devices xck26_0]
program_hw_devices [get_hw_devices xck26_0]
refresh_hw_device [lindex [get_hw_devices xck26_0] 0]
update_module_reference design_1_audio_pipeline_0_0
reset_run synth_1
launch_runs impl_1 -to_step write_bitstream -jobs 11
wait_on_run impl_1
set_property PROBES.FILE {} [get_hw_devices xck26_0]
set_property FULL_PROBES.FILE {} [get_hw_devices xck26_0]
set_property PROGRAM.FILE {C:/Users/Mando/Documents/projects/group_project/group_project.runs/impl_1/design_1_wrapper.bit} [get_hw_devices xck26_0]
program_hw_devices [get_hw_devices xck26_0]
refresh_hw_device [lindex [get_hw_devices xck26_0] 0]
launch_simulation
open_wave_config C:/Users/Mando/Documents/projects/group_project/i2s_master_test_behav.wcfg
source i2s_master_test.tcl
run 15 ms
relaunch_sim
run 15 ms
reset_run synth_1
launch_runs impl_1 -to_step write_bitstream -jobs 11
wait_on_run impl_1
update_module_reference design_1_audio_pipeline_0_0
reset_run synth_1
launch_runs impl_1 -to_step write_bitstream -jobs 11
wait_on_run impl_1
set_property PROBES.FILE {} [get_hw_devices xck26_0]
set_property FULL_PROBES.FILE {} [get_hw_devices xck26_0]
set_property PROGRAM.FILE {C:/Users/Mando/Documents/projects/group_project/group_project.runs/impl_1/design_1_wrapper.bit} [get_hw_devices xck26_0]
program_hw_devices [get_hw_devices xck26_0]
refresh_hw_device [lindex [get_hw_devices xck26_0] 0]
set_property PROBES.FILE {} [get_hw_devices xck26_0]
set_property FULL_PROBES.FILE {} [get_hw_devices xck26_0]
set_property PROGRAM.FILE {C:/Users/Mando/Documents/projects/group_project/group_project.runs/impl_1/design_1_wrapper.bit} [get_hw_devices xck26_0]
program_hw_devices [get_hw_devices xck26_0]
refresh_hw_device [lindex [get_hw_devices xck26_0] 0]
close_sim
launch_simulation
open_wave_config C:/Users/Mando/Documents/projects/group_project/i2s_master_test_behav.wcfg
source i2s_master_test.tcl
run 15 ms
relaunch_sim
run 15 ms
save_wave_config {C:/Users/Mando/Documents/projects/group_project/i2s_master_test_behav.wcfg}
close_sim
launch_simulation
open_wave_config C:/Users/Mando/Documents/projects/group_project/i2s_master_test_behav.wcfg
source i2s_master_test.tcl
run 15 ms
relaunch_sim
run 15 ms
close_sim
launch_simulation
open_wave_config C:/Users/Mando/Documents/projects/group_project/i2s_master_test_behav.wcfg
source i2s_master_test.tcl
run 15 ms
close_sim
launch_simulation
open_wave_config C:/Users/Mando/Documents/projects/group_project/i2s_master_test_behav.wcfg
source i2s_master_test.tcl
run 15 ms
relaunch_sim
run 15 ms
relaunch_sim
run 15 ms
relaunch_sim
run 15 ms
relaunch_sim
run 15 ms
relaunch_sim
run 15 ms
reset_run synth_1
update_module_reference design_1_audio_pipeline_0_0
launch_runs synth_1 -jobs 11
wait_on_run synth_1
close_sim
launch_simulation
open_wave_config C:/Users/Mando/Documents/projects/group_project/i2s_master_test_behav.wcfg
source i2s_master_test.tcl
run 15 ms
relaunch_sim
run 15 ms
close_sim
