#-----------------------------------------------------------
# Vivado v2021.2 (64-bit)
# SW Build 3367213 on Tue Oct 19 02:48:09 MDT 2021
# IP Build 3369179 on Thu Oct 21 08:25:16 MDT 2021
# Start of session at: Tue Oct  3 19:50:03 2023
# Process ID: 7112
# Current directory: C:/Users/cse/Desktop/COMP3601/projects/COMP3601_group/COMP3601_group.runs/design_1_zynq_ultra_ps_e_0_0_synth_1
# Command line: vivado.exe -log design_1_zynq_ultra_ps_e_0_0.vds -product Vivado -mode batch -messageDb vivado.pb -notrace -source design_1_zynq_ultra_ps_e_0_0.tcl
# Log file: C:/Users/cse/Desktop/COMP3601/projects/COMP3601_group/COMP3601_group.runs/design_1_zynq_ultra_ps_e_0_0_synth_1/design_1_zynq_ultra_ps_e_0_0.vds
# Journal file: C:/Users/cse/Desktop/COMP3601/projects/COMP3601_group/COMP3601_group.runs/design_1_zynq_ultra_ps_e_0_0_synth_1\vivado.jou
# Running On: DESKTOP-G4LP6B2, OS: Windows, CPU Frequency: 3302 MHz, CPU Physical cores: 2, Host memory: 8589 MB
#-----------------------------------------------------------
source design_1_zynq_ultra_ps_e_0_0.tcl -notrace
