#-----------------------------------------------------------
# Vivado v2021.2 (64-bit)
# SW Build 3367213 on Tue Oct 19 02:48:09 MDT 2021
# IP Build 3369179 on Thu Oct 21 08:25:16 MDT 2021
# Start of session at: Wed Oct 11 00:04:56 2023
# Process ID: 45172
# Current directory: D:/projects/COMP3601_group_n
# Command line: vivado.exe -gui_launcher_event rodinguilauncherevent44732 D:\projects\COMP3601_group_n\COMP3601_group.xpr
# Log file: D:/projects/COMP3601_group_n/vivado.log
# Journal file: D:/projects/COMP3601_group_n\vivado.jou
# Running On: Ziyao-DESKTOP, OS: Windows, CPU Frequency: 3418 MHz, CPU Physical cores: 16, Host memory: 68469 MB
#-----------------------------------------------------------
start_gui
open_project D:/projects/COMP3601_group_n/COMP3601_group.xpr
update_compile_order -fileset sources_1
update_module_reference design_1_audio_pipeline_0_1
reset_run synth_1
launch_runs synth_1 -jobs 11
wait_on_run synth_1
launch_runs impl_1 -jobs 11
wait_on_run impl_1
update_module_reference design_1_audio_pipeline_0_1
reset_run synth_1
launch_runs synth_1 -jobs 11
wait_on_run synth_1
launch_runs impl_1 -jobs 11
wait_on_run impl_1
launch_runs impl_1 -to_step write_bitstream -jobs 11
wait_on_run impl_1
open_hw_manager
write_hw_platform -fixed -include_bit -force -file D:/projects/COMP3601_group_n/design_1_wrapper.xsa
