#-----------------------------------------------------------
# Vivado v2021.2 (64-bit)
# SW Build 3367213 on Tue Oct 19 02:48:09 MDT 2021
# IP Build 3369179 on Thu Oct 21 08:25:16 MDT 2021
# Start of session at: Wed Oct  4 19:14:13 2023
# Process ID: 31844
# Current directory: D:/projects/COMP3601_group
# Command line: vivado.exe -gui_launcher_event rodinguilauncherevent28096 D:\projects\COMP3601_group\COMP3601_group.xpr
# Log file: D:/projects/COMP3601_group/vivado.log
# Journal file: D:/projects/COMP3601_group\vivado.jou
# Running On: Ziyao-DESKTOP, OS: Windows, CPU Frequency: 3418 MHz, CPU Physical cores: 16, Host memory: 68469 MB
#-----------------------------------------------------------
start_gui
open_project D:/projects/COMP3601_group/COMP3601_group.xpr
update_compile_order -fileset sources_1
# Disabling source management mode.  This is to allow the top design properties to be set without GUI intervention.
set_property source_mgmt_mode None [current_project]
set_property top ws_testbench [get_filesets sim_1]
set_property top_lib xil_defaultlib [get_filesets sim_1]
# Re-enabling previously disabled source management mode.
set_property source_mgmt_mode All [current_project]
launch_simulation
source ws_testbench.tcl
run all
reset_run synth_1
launch_runs synth_1 -jobs 11
wait_on_run synth_1
launch_runs impl_1 -jobs 11
wait_on_run impl_1
close_sim
launch_simulation
source ws_testbench.tcl
run all
close_sim
